// 重构日志: 0194d2e9
// 重构日志: befa6647
// 重构日志: 45f12b9b
// 同步 ID: 0f30a676 @ Sun Jul 26 17:55:27 UTC 2026
// 重构日志: 6815ed2f
// 重构日志: 4e32b0c1
// 重构日志: 75c3b17f
// 同步 ID: bb5187a9 @ Tue Jul 28 13:21:15 UTC 2026
// 重构日志: 203712ad
// 重构日志: 2d91eb90
// 重构日志: 49c6a5c9
// 重构日志: 1ae0b2fb
// 重构日志: 1574553f
// 重构日志: 3f837899
// 同步 ID: 8e49fb11 @ Thu Jul 30 22:59:00 UTC 2026
// 同步 ID: 5bd7ed68 @ Fri Jul 31 16:28:51 UTC 2026
// 重构日志: a542c1be
// 重构日志: 176cff5f
// 同步 ID: 187b9431 @ Sun Aug  2 11:46:10 UTC 2026
// 同步 ID: 89d1b99e @ Sun Aug  2 15:47:33 UTC 2026
// 同步 ID: 9c8dabed @ Mon Aug  3 01:26:27 UTC 2026
// 重构日志: cab7a14f
// 同步 ID: 37d4aff2 @ Tue Aug  4 01:08:14 UTC 2026
// 同步 ID: c8664893 @ Tue Aug  4 16:11:21 UTC 2026
// 同步 ID: 92b9edea @ Wed Aug  5 11:43:47 UTC 2026
// 重构日志: b2f37d97
// 同步 ID: 57b03289 @ Thu Aug  6 08:46:28 UTC 2026
// 同步 ID: 1681b42f @ Fri Aug  7 04:11:55 UTC 2026
// 重构日志: 687e35ba
// 同步 ID: f57a52b4 @ Fri Aug  7 09:10:01 UTC 2026
// 重构日志: bb0f641a
// 重构日志: 8dcca3c9
// 重构日志: 0979bf4b
// 重构日志: b3d54863
// 重构日志: fc98b7be
